[     315ms] [INFO] %cDownload the React DevTools for a better development experience: https://react.dev/link/react-devtools font-weight:bold @ http://localhost:3000/_next/static/chunks/node_modules_next_dist_f3530cac._.js:2297
[     366ms] [LOG] [HMR] connected @ http://localhost:3000/_next/static/chunks/node_modules_next_dist_f3530cac._.js:2297
[     502ms] [LOG] [Fast Refresh] rebuilding @ http://localhost:3000/_next/static/chunks/node_modules_next_dist_f3530cac._.js:2297
[    1636ms] [LOG] [Fast Refresh] done in 1241ms @ http://localhost:3000/_next/static/chunks/node_modules_next_dist_f3530cac._.js:2297
[    3849ms] [WARNING] The resource http://localhost:3000/_next/static/chunks/app_not-found_d678002a.css was preloaded using link preload but not used within a few seconds from the window's load event. Please make sure it has an appropriate `as` value and it is preloaded intentionally. @ http://localhost:3000/about:0
[    4717ms] [LOG] [Fast Refresh] rebuilding @ http://localhost:3000/_next/static/chunks/node_modules_next_dist_f3530cac._.js:2297
[    5853ms] [LOG] [Fast Refresh] done in 1251ms @ http://localhost:3000/_next/static/chunks/node_modules_next_dist_f3530cac._.js:2297
[    8036ms] [WARNING] The resource http://localhost:3000/_next/static/chunks/app_not-found_d678002a.css was preloaded using link preload but not used within a few seconds from the window's load event. Please make sure it has an appropriate `as` value and it is preloaded intentionally. @ http://localhost:3000/about:0
[   12020ms] [ERROR] WebSocket connection to 'ws://localhost:3000/_next/webpack-hmr?id=jKriVz1zPXFUj3YR5tpGV' failed: Error in connection establishment: net::ERR_CONNECTION_REFUSED @ http://localhost:3000/_next/static/chunks/node_modules_next_dist_client_17643121._.js:10878
[   13036ms] [ERROR] WebSocket connection to 'ws://localhost:3000/_next/webpack-hmr?id=jKriVz1zPXFUj3YR5tpGV' failed: Error in connection establishment: net::ERR_CONNECTION_REFUSED @ http://localhost:3000/_next/static/chunks/node_modules_next_dist_client_17643121._.js:10878
[   14052ms] [ERROR] WebSocket connection to 'ws://localhost:3000/_next/webpack-hmr?id=jKriVz1zPXFUj3YR5tpGV' failed: Error in connection establishment: net::ERR_CONNECTION_REFUSED @ http://localhost:3000/_next/static/chunks/node_modules_next_dist_client_17643121._.js:10878
[   15065ms] [ERROR] WebSocket connection to 'ws://localhost:3000/_next/webpack-hmr?id=jKriVz1zPXFUj3YR5tpGV' failed: Error in connection establishment: net::ERR_CONNECTION_REFUSED @ http://localhost:3000/_next/static/chunks/node_modules_next_dist_client_17643121._.js:10878
[   16067ms] [ERROR] WebSocket connection to 'ws://localhost:3000/_next/webpack-hmr?id=jKriVz1zPXFUj3YR5tpGV' failed: Error in connection establishment: net::ERR_CONNECTION_REFUSED @ http://localhost:3000/_next/static/chunks/node_modules_next_dist_client_17643121._.js:10878
[   21088ms] [ERROR] WebSocket connection to 'ws://localhost:3000/_next/webpack-hmr?id=jKriVz1zPXFUj3YR5tpGV' failed: Error in connection establishment: net::ERR_CONNECTION_REFUSED @ http://localhost:3000/_next/static/chunks/node_modules_next_dist_client_17643121._.js:10878
[   26103ms] [ERROR] WebSocket connection to 'ws://localhost:3000/_next/webpack-hmr?id=jKriVz1zPXFUj3YR5tpGV' failed: Error in connection establishment: net::ERR_CONNECTION_REFUSED @ http://localhost:3000/_next/static/chunks/node_modules_next_dist_client_17643121._.js:10878
[   34092ms] [ERROR] WebSocket connection to 'ws://localhost:3000/_next/webpack-hmr?id=jKriVz1zPXFUj3YR5tpGV' failed: Error in connection establishment: net::ERR_CONNECTION_REFUSED @ http://localhost:3000/_next/static/chunks/node_modules_next_dist_client_17643121._.js:10878
[   39430ms] [ERROR] WebSocket connection to 'ws://localhost:3000/_next/webpack-hmr?id=jKriVz1zPXFUj3YR5tpGV' failed: Error in connection establishment: net::ERR_CONNECTION_REFUSED @ http://localhost:3000/_next/static/chunks/node_modules_next_dist_client_17643121._.js:10878
[   44505ms] [ERROR] WebSocket connection to 'ws://localhost:3000/_next/webpack-hmr?id=jKriVz1zPXFUj3YR5tpGV' failed: Error in connection establishment: net::ERR_CONNECTION_REFUSED @ http://localhost:3000/_next/static/chunks/node_modules_next_dist_client_17643121._.js:10878
[   51221ms] [ERROR] WebSocket connection to 'ws://localhost:3000/_next/webpack-hmr?id=jKriVz1zPXFUj3YR5tpGV' failed: Error in connection establishment: net::ERR_CONNECTION_REFUSED @ http://localhost:3000/_next/static/chunks/node_modules_next_dist_client_17643121._.js:10878
[   56594ms] [ERROR] WebSocket connection to 'ws://localhost:3000/_next/webpack-hmr?id=jKriVz1zPXFUj3YR5tpGV' failed: Error in connection establishment: net::ERR_CONNECTION_REFUSED @ http://localhost:3000/_next/static/chunks/node_modules_next_dist_client_17643121._.js:10878
